
# >>>>>>>>>>>>>>>>>>>>>> ERROR REPORT <<<<<<<<<<<<<<<<<<<<<<

    Traceback (most recent call last):
      File "C:\Users\makso\miniconda3\Lib\site-packages\conda\exception_handler.py", line 18, in __call__
        return func(*args, **kwargs)
               ^^^^^^^^^^^^^^^^^^^^^
      File "C:\Users\makso\miniconda3\Lib\site-packages\conda\cli\main.py", line 61, in main_subshell
        exit_code = do_call(args, parser)
                    ^^^^^^^^^^^^^^^^^^^^^
      File "C:\Users\makso\miniconda3\Lib\site-packages\conda\cli\conda_argparse.py", line 205, in do_call
        result = getattr(module, func_name)(args, parser)
                 ^^^^^^^^^^^^^^^^^^^^^^^^^^^^^^^^^^^^^^^^
      File "C:\Users\makso\miniconda3\Lib\site-packages\conda\cli\main_run.py", line 118, in execute
        print(response.stdout, file=sys.stdout)
      File "C:\Users\makso\miniconda3\Lib\encodings\cp1252.py", line 19, in encode
        return codecs.charmap_encode(input,self.errors,encoding_table)[0]
               ^^^^^^^^^^^^^^^^^^^^^^^^^^^^^^^^^^^^^^^^^^^^^^^^^^^^^^^
    UnicodeEncodeError: 'charmap' codec can't encode character '\ufffd' in position 24181: character maps to <undefined>

`$ C:\Users\makso\miniconda3\Scripts\conda-script.py run -n orka_master_pre_release python -m pytest tests/unit/test_cli_memory_commands.py -v`

  environment variables:
                 CIO_TEST=<not set>
        CONDA_DEFAULT_ENV=orka_master_pre_release
                CONDA_EXE=C:\Users\makso\miniconda3\Scripts\conda.exe
               CONDA_EXES="C:\Users\makso\miniconda3\Scripts\conda.exe"
             CONDA_PREFIX=C:\Users\makso\miniconda3\envs\orka_master_pre_release
           CONDA_PREFIX_1=C:\Users\makso\miniconda3
    CONDA_PROMPT_MODIFIER=(orka_master_pre_release)
         CONDA_PYTHON_EXE=C:\Users\makso\miniconda3\python.exe
               CONDA_ROOT=C:\Users\makso\miniconda3
              CONDA_SHLVL=2
           CURL_CA_BUNDLE=<not set>
                 HOMEPATH=\Users\makso
               LD_PRELOAD=<not set>
                     PATH=C:\Users\makso\miniconda3\envs\orka_master_pre_release;C:\Users\makso\
                          miniconda3\envs\orka_master_pre_release\Library\mingw-
                          w64\bin;C:\Users\makso\miniconda3\envs\orka_master_pre_release\Library
                          \usr\bin;C:\Users\makso\miniconda3\envs\orka_master_pre_release\Librar
                          y\bin;C:\Users\makso\miniconda3\envs\orka_master_pre_release\Scripts;C
                          :\Users\makso\miniconda3\envs\orka_master_pre_release\bin;C:\Users\mak
                          so\miniconda3\condabin;C:\Python313\Scripts;C:\Python313;C:\WINDOWS\sy
                          stem32;C:\WINDOWS;C:\WINDOWS\System32\Wbem;C:\WINDOWS\System32\Windows
                          PowerShell\v1.0;C:\WINDOWS\System32\OpenSSH;C:\Program Files\Git\cmd;C
                          :\ProgramData\chocolatey\bin;C:\Users\makso\AppData\Local\nvm;C:\nvm4w
                          \nodejs;C:\Program Files\Microsoft SQL
                          Server\150\Tools\Binn;C:\Program Files\Microsoft SQL Server\Client
                          SDK\ODBC\170\Tools\Binn;C:\Program Files\dotnet;C:\Program Files
                          (x86)\Windows Kits\10\Windows Performance Toolkit;C:\Program
                          Files\Docker\Docker\resources\bin;C:\Program Files\WezTerm;.;c:\Users\
                          makso\AppData\Local\Programs\cursor\resources\app\bin;C:\Users\makso\A
                          ppData\Local\Microsoft\WindowsApps;C:\ffmpeg\bin;C:\Users\makso\AppDat
                          a\Local\Programs\Ollama;C:\Users\makso\AppData\Roaming\npm;C:\Users\ma
                          kso\AppData\Local\nvm;C:\nvm4w\nodejs;C:\Users\makso\.dotnet\tools;nod
                          e_modules\.bin;C:\Users\makso\AppData\Local\Programs\Microsoft VS Code
                          \bin;c:\users\makso\.local\bin;c:\users\makso\appdata\roaming\python\p
                          ython312\scripts;C:\Users\makso\AppData\Local\Programs\cursor\resource
                          s\app\bin
             PSMODULEPATH=D:\OneDrive\Documentos\WindowsPowerShell\Modules;C:\Program Files\Wind
                          owsPowerShell\Modules;C:\WINDOWS\system32\WindowsPowerShell\v1.0\Modul
                          es
       REQUESTS_CA_BUNDLE=<not set>
            SSL_CERT_FILE=C:\Users\makso\miniconda3\envs\orka_master_pre_release\Library\ssl\cac
                          ert.pem
    VBOX_MSI_INSTALL_PATH=D:\Oracle\

     active environment : orka_master_pre_release
    active env location : C:\Users\makso\miniconda3\envs\orka_master_pre_release
            shell level : 2
       user config file : C:\Users\makso\.condarc
 populated config files : C:\Users\makso\miniconda3\.condarc
          conda version : 24.11.1
    conda-build version : not installed
         python version : 3.12.8.final.0
                 solver : libmamba (default)
       virtual packages : __archspec=1=skylake
                          __conda=24.11.1=0
                          __cuda=12.8=0
                          __win=0=0
       base environment : C:\Users\makso\miniconda3  (writable)
      conda av data dir : C:\Users\makso\miniconda3\etc\conda
  conda av metadata url : None
           channel URLs : https://repo.anaconda.com/pkgs/main/win-64
                          https://repo.anaconda.com/pkgs/main/noarch
                          https://repo.anaconda.com/pkgs/r/win-64
                          https://repo.anaconda.com/pkgs/r/noarch
                          https://repo.anaconda.com/pkgs/msys2/win-64
                          https://repo.anaconda.com/pkgs/msys2/noarch
          package cache : C:\Users\makso\miniconda3\pkgs
                          C:\Users\makso\.conda\pkgs
                          C:\Users\makso\AppData\Local\conda\conda\pkgs
       envs directories : C:\Users\makso\miniconda3\envs
                          C:\Users\makso\.conda\envs
                          C:\Users\makso\AppData\Local\conda\conda\envs
               platform : win-64
             user-agent : conda/24.11.1 requests/2.32.3 CPython/3.12.8 Windows/11 Windows/10.0.26100 solver/libmamba conda-libmamba-solver/24.9.0 libmambapy/1.5.11
          administrator : False
             netrc file : None
           offline mode : False


An unexpected error has occurred. Conda has prepared the above report.
If you suspect this error is being caused by a malfunctioning plugin,
consider using the --no-plugins option to turn off plugins.

Example: conda --no-plugins install <package>

Alternatively, you can set the CONDA_NO_PLUGINS environment variable on
the command line to run the command without plugins enabled.

Example: CONDA_NO_PLUGINS=true conda install <package>

If submitted, this report will be used by core maintainers to improve
future releases of conda.
Would you like conda to send this report to the core maintainers? [y/N]: 
No report sent. To permanently opt-out, use

    $ conda config --set report_errors false

